// Jest Snapshot v1, https://goo.gl/fbAQLP

exports[`tests produce failure 1`] = `[TypeError: fetch failed]`;
