// Jest Snapshot v1, https://goo.gl/fbAQLP

exports[`tests produce to partition 1`] = `
{
  "headers": {},
  "partition": 2,
  "value": {
    "data": "foo",
  },
}
`;
